// Jest Snapshot v1, https://goo.gl/fbAQLP

exports[`<HomePage /> should render the page 1`] = `
<article>
  <div>
    <section
      className="sc-ifAKCX fVKAHz sc-bxivhb cHYKiE"
    >
      <h1
        className="sc-bwzfXH eyTSsB"
      >
        Start your project right away!
      </h1>
      <p>
        A highly scalable, offline-first foundation based on the popular react-boilerplate.
      </p>
    </section>
    <section
      className="sc-bxivhb cHYKiE"
    >
      <h2
        className="sc-htpNat fuQaVv"
      >
        Try me! Redux Saga API Call
      </h2>
      <form
        className="sc-EHOje kKIiKi"
        onSubmit={undefined}
      >
        <label
          htmlFor="text"
        >
          Enter some text to see it translated into Yoda-Speak:
          <br />
          <input
            className="sc-bZQynM itcYPo"
            id="text"
            onChange={undefined}
            placeholder="You can use this boilerplate to get started right away!"
            type="text"
            value={undefined}
          />
        </label>
      </form>
      <p>
        Something went wrong, please try again!
      </p>
    </section>
  </div>
  <div>
    <h2
      className="sc-htpNat fuQaVv"
    >
      Simple counter using Redux actions
    </h2>
    Current counter value: 
    <div>
      <button
        className="primary"
        onClick={undefined}
      >
        Increment
      </button>
      <button
        className="secondary"
        onClick={undefined}
      >
        Decrement
      </button>
    </div>
  </div>
</article>
`;
