// Jest Snapshot v1, https://goo.gl/fbAQLP

exports[`<HomePage /> should render the page 1`] = `
<article>
  <div>
    <section
      className="sc-bxivhb EYjjH sc-htpNat kCBzcP"
    >
      <h2
        className="sc-bwzfXH hxOzfd"
      >
        Start your project right away!
      </h2>
      <p>
        A highly scalable, offline-first foundation based on the popular react-boilerplate.
      </p>
    </section>
    <section
      className="sc-htpNat kCBzcP"
    >
      <h2
        className="sc-bwzfXH hxOzfd"
      >
        Try me!
      </h2>
      <form
        className="sc-ifAKCX kVGuCC"
        onSubmit={undefined}
      >
        <label
          htmlFor="text"
        >
          Enter some text to see it translated into Yoda-Speak
          <input
            className="sc-EHOje bykDHf"
            id="text"
            onChange={undefined}
            placeholder="You can use this boilerplate to get started right away!"
            type="text"
            value={undefined}
          />
        </label>
      </form>
      <p>
        Something went wrong, please try again!
      </p>
    </section>
  </div>
  <div>
    <h1>
      Counter Test!
    </h1>
    Current counter value: 
    <div>
      <button
        onClick={undefined}
      >
        Increment
      </button>
    </div>
    <div>
      <button
        onClick={undefined}
      >
        Decrement
      </button>
    </div>
  </div>
</article>
`;
