// Jest Snapshot v1, https://goo.gl/fbAQLP

exports[`getRecentPosts Saga should call the recentPostsLoadingError action if the response errors 1`] = `
Object {
  "@@redux-saga/IO": true,
  "CALL": Object {
    "args": Array [
      "about:blank/wp-json/wp/v2/posts?orderBy=date&order=desc&per_page=5",
    ],
    "context": null,
    "fn": [Function],
  },
}
`;

exports[`getRecentPosts Saga should call the recentPostsLoadingError action if the response errors 2`] = `
Object {
  "@@redux-saga/IO": true,
  "PUT": Object {
    "action": Object {
      "recentPosts": undefined,
      "type": "wp-react-post-edit/LOAD_RECENT_POSTS_SUCCESS",
    },
    "channel": null,
  },
}
`;
